2026-08-31T02:03:10Z ns=kube-system type=Normal reason=Created object=pod/ingest-worker-2 count=1 msg="Created container"
2026-08-31T02:04:45Z ns=kube-system type=Normal reason=Pulling object=pod/webapp-03-canary count=3 msg="Pulling image 'registry.internal/dataforge/...'"
2026-08-31T02:04:56Z ns=security type=Normal reason=Created object=pod/coredns-6f9b-x1 count=5 msg="Created container"
2026-08-31T02:06:14Z ns=df type=Normal reason=Started object=pod/prometheus-server-0 count=5 msg="Started container prometheus"
2026-08-31T02:07:27Z ns=monitoring type=Warning reason=Unhealthy object=pod/datasets-mongo-1 count=6 msg="Liveness probe failed: HTTP 500 (recovered next check)"
2026-08-31T02:09:43Z ns=default type=Normal reason=Created object=pod/datasets-mongo-2 count=2 msg="Created container"
2026-08-31T02:09:59Z ns=kube-system type=Warning reason=Unhealthy object=pod/datasets-mongo-2 count=4 msg="Liveness probe failed: HTTP 500 (recovered next check)"
2026-08-31T02:10:37Z ns=security type=Normal reason=Scheduled object=pod/datasets-mongo-1 count=2 msg="Successfully assigned security/datasets-mongo-1 to ip-10-0-2-80"
2026-08-31T02:13:50Z ns=monitoring type=Warning reason=ProbeWarning object=pod/fluent-bit-l9 count=4 msg="Readiness probe timeout 1s"
2026-08-31T02:14:08Z ns=df type=Warning reason=FailedScheduling object=pod/notification-svc-4 count=3 msg="0/11 nodes available: insufficient cpu"
2026-08-31T02:15:29Z ns=security type=Warning reason=Evicted object=pod/datasets-mongo-2 count=3 msg="Pod datasets-mongo-2 evicted: node had memory pressure"
2026-08-31T02:16:53Z ns=default type=Normal reason=Started object=pod/cert-manager-77c-a2 count=3 msg="Started container cert"
2026-08-31T02:18:17Z ns=df type=Normal reason=Created object=pod/datasets-mongo-2 count=6 msg="Created container"
2026-08-31T02:18:21Z ns=security type=Normal reason=Pulled object=pod/datasets-mongo-1 count=4 msg="Successfully pulled image in 1298ms"
2026-08-31T02:18:30Z ns=security type=Normal reason=Started object=pod/webapp-03-canary count=3 msg="Started container webapp"
2026-08-31T02:18:37Z ns=default type=Warning reason=ProbeWarning object=pod/notification-svc-4 count=5 msg="Readiness probe timeout 1s"
2026-08-31T02:20:40Z ns=kube-system type=Normal reason=Started object=pod/webapp-03-canary count=5 msg="Started container webapp"
2026-08-31T02:20:58Z ns=monitoring type=Warning reason=ProbeWarning object=pod/coredns-6f9b-x1 count=4 msg="Readiness probe timeout 1s"
2026-08-31T02:22:18Z ns=df type=Warning reason=CrashLoopBackOff object=pod/webapp-03-canary count=3 msg="webapp-03-canary restarting; last exit code 1"
2026-08-31T02:22:32Z ns=monitoring type=Normal reason=Scheduled object=pod/datasets-mongo-1 count=4 msg="Successfully assigned monitoring/datasets-mongo-1 to ip-10-0-5-136"
2026-08-31T02:22:40Z ns=default type=Normal reason=Started object=pod/cert-manager-77c-a2 count=5 msg="Started container cert"
2026-08-31T02:23:12Z ns=default type=Warning reason=Evicted object=pod/datasets-mongo-2 count=6 msg="Pod datasets-mongo-2 evicted: node had memory pressure"
2026-08-31T02:23:31Z ns=default type=Normal reason=Created object=pod/datasets-mongo-2 count=2 msg="Created container"
2026-08-31T02:26:02Z ns=monitoring type=Warning reason=FailedScheduling object=pod/datasets-mongo-2 count=2 msg="0/11 nodes available: insufficient cpu"
2026-08-31T02:26:16Z ns=security type=Normal reason=Scheduled object=pod/notification-svc-4 count=1 msg="Successfully assigned security/notification-svc-4 to ip-10-0-3-48"
2026-08-31T02:27:28Z ns=monitoring type=Warning reason=BackOff object=pod/fluent-bit-l9 count=2 msg="Back-off restarting failed container fluent-bit-l9"
2026-08-31T02:28:10Z ns=kube-system type=Normal reason=Scheduled object=pod/datasets-mongo-2 count=3 msg="Successfully assigned kube-system/datasets-mongo-2 to ip-10-0-1-30"
2026-08-31T02:29:41Z ns=security type=Warning reason=ProbeWarning object=pod/prometheus-server-0 count=6 msg="Readiness probe timeout 1s"
2026-08-31T02:30:42Z ns=default type=Normal reason=SuccessfulCreate object=pod/datasets-mongo-1 count=1 msg="Created pod: datasets-mongo-1"
2026-08-31T02:31:52Z ns=df type=Normal reason=Started object=pod/datasets-mongo-1 count=6 msg="Started container datasets"
2026-08-31T02:32:41Z ns=security type=Warning reason=Unhealthy object=pod/coredns-6f9b-x1 count=3 msg="Liveness probe failed: HTTP 500 (recovered next check)"
2026-08-31T02:33:56Z ns=kube-system type=Warning reason=FailedScheduling object=pod/notification-svc-4 count=5 msg="0/11 nodes available: insufficient cpu"
2026-08-31T02:35:50Z ns=df type=Warning reason=Unhealthy object=pod/datasets-mongo-2 count=4 msg="Liveness probe failed: HTTP 500 (recovered next check)"
2026-08-31T02:38:35Z ns=default type=Warning reason=Evicted object=pod/notification-svc-4 count=1 msg="Pod notification-svc-4 evicted: node had memory pressure"
2026-08-31T02:38:41Z ns=df type=Normal reason=Started object=pod/datasets-mongo-2 count=2 msg="Started container datasets"
2026-08-31T02:38:56Z ns=security type=Normal reason=Created object=pod/ingest-worker-2 count=1 msg="Created container"
2026-08-31T02:39:23Z ns=security type=Normal reason=Created object=pod/datasets-mongo-1 count=3 msg="Created container"
2026-08-31T02:41:38Z ns=df type=Warning reason=FailedScheduling object=pod/ingest-worker-2 count=4 msg="0/11 nodes available: insufficient cpu"
2026-08-31T02:42:15Z ns=kube-system type=Warning reason=ProbeWarning object=pod/cert-manager-77c-a2 count=5 msg="Readiness probe timeout 1s"
2026-08-31T02:42:16Z ns=monitoring type=Normal reason=Pulled object=pod/datasets-mongo-1 count=1 msg="Successfully pulled image in 1130ms"
2026-08-31T02:44:33Z ns=security type=Normal reason=Pulling object=pod/datasets-mongo-1 count=3 msg="Pulling image 'registry.internal/dataforge/...'"
2026-08-31T02:46:46Z ns=kube-system type=Normal reason=Created object=pod/coredns-6f9b-x1 count=4 msg="Created container"
2026-08-31T02:47:15Z ns=monitoring type=Warning reason=CrashLoopBackOff object=pod/datasets-mongo-2 count=3 msg="datasets-mongo-2 restarting; last exit code 1"
2026-08-31T02:47:59Z ns=kube-system type=Normal reason=Started object=pod/prometheus-server-0 count=6 msg="Started container prometheus"
2026-08-31T02:51:00Z ns=default type=Normal reason=Started object=pod/webapp-03-canary count=4 msg="Started container webapp"
2026-08-31T02:51:26Z ns=default type=Warning reason=ProbeWarning object=pod/prometheus-server-0 count=3 msg="Readiness probe timeout 1s"
2026-08-31T02:53:11Z ns=default type=Warning reason=FailedScheduling object=pod/fluent-bit-l9 count=6 msg="0/11 nodes available: insufficient cpu"
2026-08-31T02:53:19Z ns=security type=Normal reason=Scheduled object=pod/webapp-03-canary count=6 msg="Successfully assigned security/webapp-03-canary to ip-10-0-4-215"
2026-08-31T02:56:26Z ns=monitoring type=Warning reason=BackOff object=pod/webapp-03-canary count=4 msg="Back-off restarting failed container webapp-03-canary"
2026-08-31T02:57:59Z ns=df type=Warning reason=OOMKilling object=pod/ingest-worker-3 count=4 msg="Container ingest-worker-3 exceeded memory limit, killed"
2026-08-31T02:58:44Z ns=kube-system type=Normal reason=SuccessfulCreate object=pod/datasets-mongo-2 count=3 msg="Created pod: datasets-mongo-2"
2026-08-31T02:59:00Z ns=monitoring type=Warning reason=Evicted object=pod/ingest-worker-2 count=3 msg="Pod ingest-worker-2 evicted: node had memory pressure"
2026-08-31T02:59:16Z ns=default type=Normal reason=Scheduled object=pod/coredns-6f9b-x1 count=5 msg="Successfully assigned default/coredns-6f9b-x1 to ip-10-0-5-143"
2026-08-31T02:59:31Z ns=default type=Normal reason=Started object=pod/coredns-6f9b-x1 count=1 msg="Started container coredns"
2026-08-31T02:59:59Z ns=kube-system type=Warning reason=BackOff object=pod/ingest-worker-3 count=1 msg="Back-off restarting failed container ingest-worker-3"
2026-08-31T03:00:53Z ns=monitoring type=Normal reason=Created object=pod/fluent-bit-l9 count=6 msg="Created container"
2026-08-31T03:02:15Z ns=kube-system type=Normal reason=Pulling object=pod/notification-svc-4 count=6 msg="Pulling image 'registry.internal/dataforge/...'"
2026-08-31T03:03:13Z ns=kube-system type=Warning reason=FailedScheduling object=pod/prometheus-server-0 count=6 msg="0/11 nodes available: insufficient cpu"
2026-08-31T03:05:58Z ns=df type=Warning reason=FailedScheduling object=pod/coredns-6f9b-x1 count=1 msg="0/11 nodes available: insufficient cpu"
2026-08-31T03:06:03Z ns=df type=Normal reason=Scheduled object=pod/datasets-mongo-2 count=1 msg="Successfully assigned df/datasets-mongo-2 to ip-10-0-4-47"
2026-08-31T03:06:09Z ns=monitoring type=Warning reason=CrashLoopBackOff object=pod/cert-manager-77c-a2 count=3 msg="cert-manager-77c-a2 restarting; last exit code 1"
2026-08-31T03:07:14Z ns=default type=Normal reason=Created object=pod/datasets-mongo-1 count=2 msg="Created container"
2026-08-31T03:08:01Z ns=security type=Warning reason=ProbeWarning object=pod/fluent-bit-l9 count=3 msg="Readiness probe timeout 1s"
2026-08-31T03:08:27Z ns=security type=Normal reason=Pulling object=pod/fluent-bit-l9 count=4 msg="Pulling image 'registry.internal/dataforge/...'"
2026-08-31T03:13:30Z ns=kube-system type=Normal reason=Created object=pod/datasets-mongo-2 count=2 msg="Created container"
2026-08-31T03:14:02Z ns=security type=Warning reason=Evicted object=pod/ingest-worker-3 count=1 msg="Pod ingest-worker-3 evicted: node had memory pressure"
2026-08-31T03:15:10Z ns=default type=Normal reason=Pulling object=pod/ingest-worker-2 count=4 msg="Pulling image 'registry.internal/dataforge/...'"
2026-08-31T03:15:33Z ns=monitoring type=Normal reason=Scheduled object=pod/webapp-03-canary count=5 msg="Successfully assigned monitoring/webapp-03-canary to ip-10-0-3-149"
2026-08-31T03:15:35Z ns=df type=Normal reason=Pulled object=pod/datasets-mongo-2 count=3 msg="Successfully pulled image in 1348ms"
2026-08-31T03:16:44Z ns=security type=Normal reason=SuccessfulCreate object=pod/datasets-mongo-1 count=2 msg="Created pod: datasets-mongo-1"
2026-08-31T03:17:03Z ns=df type=Warning reason=FailedScheduling object=pod/datasets-mongo-2 count=3 msg="0/11 nodes available: insufficient cpu"
2026-08-31T03:18:29Z ns=kube-system type=Normal reason=Pulled object=pod/datasets-mongo-1 count=4 msg="Successfully pulled image in 573ms"
2026-08-31T03:19:39Z ns=default type=Warning reason=ProbeWarning object=pod/webapp-03-canary count=1 msg="Readiness probe timeout 1s"
2026-08-31T03:20:36Z ns=monitoring type=Normal reason=SuccessfulCreate object=pod/coredns-6f9b-x1 count=6 msg="Created pod: coredns-6f9b-x1"
2026-08-31T03:20:59Z ns=default type=Normal reason=SuccessfulCreate object=pod/datasets-mongo-2 count=2 msg="Created pod: datasets-mongo-2"
2026-08-31T03:21:21Z ns=monitoring type=Normal reason=SuccessfulCreate object=pod/ingest-worker-3 count=1 msg="Created pod: ingest-worker-3"
2026-08-31T03:21:25Z ns=kube-system type=Normal reason=SuccessfulCreate object=pod/datasets-mongo-1 count=4 msg="Created pod: datasets-mongo-1"
2026-08-31T03:21:29Z ns=security type=Normal reason=Scheduled object=pod/datasets-mongo-1 count=6 msg="Successfully assigned security/datasets-mongo-1 to ip-10-0-4-11"
2026-08-31T03:22:36Z ns=df type=Normal reason=Pulled object=pod/fluent-bit-l9 count=4 msg="Successfully pulled image in 1336ms"
2026-08-31T03:23:18Z ns=monitoring type=Normal reason=Created object=pod/ingest-worker-2 count=6 msg="Created container"
2026-08-31T03:23:32Z ns=monitoring type=Normal reason=Scheduled object=pod/datasets-mongo-1 count=1 msg="Successfully assigned monitoring/datasets-mongo-1 to ip-10-0-3-177"
2026-08-31T03:26:08Z ns=monitoring type=Warning reason=Unhealthy object=pod/ingest-worker-3 count=2 msg="Liveness probe failed: HTTP 500 (recovered next check)"
2026-08-31T03:27:23Z ns=default type=Warning reason=Unhealthy object=pod/datasets-mongo-1 count=2 msg="Liveness probe failed: HTTP 500 (recovered next check)"
2026-08-31T03:27:42Z ns=default type=Normal reason=SuccessfulCreate object=pod/cert-manager-77c-a2 count=5 msg="Created pod: cert-manager-77c-a2"
2026-08-31T03:28:57Z ns=monitoring type=Warning reason=BackOff object=pod/prometheus-server-0 count=3 msg="Back-off restarting failed container prometheus-server-0"
2026-08-31T03:29:23Z ns=df type=Normal reason=Scheduled object=pod/ingest-worker-2 count=6 msg="Successfully assigned df/ingest-worker-2 to ip-10-0-5-218"
2026-08-31T03:31:39Z ns=monitoring type=Warning reason=ProbeWarning object=pod/webapp-03-canary count=3 msg="Readiness probe timeout 1s"
2026-08-31T03:33:59Z ns=default type=Normal reason=Pulling object=pod/cert-manager-77c-a2 count=6 msg="Pulling image 'registry.internal/dataforge/...'"
2026-08-31T03:34:57Z ns=df type=Normal reason=Created object=pod/ingest-worker-3 count=4 msg="Created container"
2026-08-31T03:35:56Z ns=df type=Normal reason=Started object=pod/notification-svc-4 count=3 msg="Started container notification"
2026-08-31T03:37:04Z ns=security type=Warning reason=ProbeWarning object=pod/ingest-worker-3 count=1 msg="Readiness probe timeout 1s"
2026-08-31T03:37:11Z ns=df type=Warning reason=Unhealthy object=pod/coredns-6f9b-x1 count=6 msg="Liveness probe failed: HTTP 500 (recovered next check)"
2026-08-31T03:37:59Z ns=monitoring type=Warning reason=Unhealthy object=pod/coredns-6f9b-x1 count=6 msg="Liveness probe failed: HTTP 500 (recovered next check)"
2026-08-31T03:40:00Z ns=default type=Normal reason=Created object=pod/webapp-03-canary count=2 msg="Created container"
2026-08-31T03:41:31Z ns=default type=Normal reason=SuccessfulCreate object=pod/datasets-mongo-2 count=2 msg="Created pod: datasets-mongo-2"
2026-08-31T03:44:22Z ns=security type=Normal reason=Pulling object=pod/coredns-6f9b-x1 count=5 msg="Pulling image 'registry.internal/dataforge/...'"
2026-08-31T03:44:34Z ns=monitoring type=Warning reason=OOMKilling object=pod/fluent-bit-l9 count=4 msg="Container fluent-bit-l9 exceeded memory limit, killed"
2026-08-31T03:44:37Z ns=monitoring type=Warning reason=FailedScheduling object=pod/prometheus-server-0 count=1 msg="0/11 nodes available: insufficient cpu"
2026-08-31T03:45:08Z ns=security type=Warning reason=Evicted object=pod/coredns-6f9b-x1 count=3 msg="Pod coredns-6f9b-x1 evicted: node had memory pressure"
2026-08-31T03:45:41Z ns=kube-system type=Normal reason=Pulled object=pod/cert-manager-77c-a2 count=4 msg="Successfully pulled image in 869ms"
2026-08-31T03:45:47Z ns=security type=Warning reason=ProbeWarning object=pod/prometheus-server-0 count=3 msg="Readiness probe timeout 1s"
2026-08-31T03:45:53Z ns=security type=Warning reason=BackOff object=pod/datasets-mongo-2 count=4 msg="Back-off restarting failed container datasets-mongo-2"
2026-08-31T03:46:14Z ns=security type=Warning reason=CrashLoopBackOff object=pod/notification-svc-4 count=3 msg="notification-svc-4 restarting; last exit code 1"
2026-08-31T03:47:07Z ns=security type=Normal reason=Created object=pod/webapp-03-canary count=3 msg="Created container"
2026-08-31T03:49:05Z ns=monitoring type=Normal reason=Created object=pod/fluent-bit-l9 count=2 msg="Created container"
2026-08-31T03:49:42Z ns=security type=Normal reason=Created object=pod/cert-manager-77c-a2 count=3 msg="Created container"
2026-08-31T03:51:38Z ns=monitoring type=Normal reason=SuccessfulCreate object=pod/ingest-worker-2 count=6 msg="Created pod: ingest-worker-2"
2026-08-31T03:52:19Z ns=kube-system type=Normal reason=Pulling object=pod/ingest-worker-3 count=1 msg="Pulling image 'registry.internal/dataforge/...'"
2026-08-31T03:53:35Z ns=default type=Warning reason=Unhealthy object=pod/ingest-worker-2 count=3 msg="Liveness probe failed: HTTP 500 (recovered next check)"
2026-08-31T03:53:41Z ns=df type=Normal reason=SuccessfulCreate object=pod/notification-svc-4 count=4 msg="Created pod: notification-svc-4"
2026-08-31T03:53:52Z ns=security type=Warning reason=Unhealthy object=pod/fluent-bit-l9 count=2 msg="Liveness probe failed: HTTP 500 (recovered next check)"
2026-08-31T03:55:12Z ns=default type=Warning reason=BackOff object=pod/datasets-mongo-2 count=6 msg="Back-off restarting failed container datasets-mongo-2"
2026-08-31T03:55:30Z ns=monitoring type=Warning reason=Evicted object=pod/prometheus-server-0 count=6 msg="Pod prometheus-server-0 evicted: node had memory pressure"
2026-08-31T03:56:07Z ns=kube-system type=Warning reason=FailedScheduling object=pod/cert-manager-77c-a2 count=2 msg="0/11 nodes available: insufficient cpu"
2026-08-31T03:56:44Z ns=kube-system type=Warning reason=FailedScheduling object=pod/datasets-mongo-2 count=3 msg="0/11 nodes available: insufficient cpu"
2026-08-31T03:57:41Z ns=default type=Normal reason=SuccessfulCreate object=pod/ingest-worker-2 count=2 msg="Created pod: ingest-worker-2"
2026-08-31T03:59:30Z ns=security type=Normal reason=Scheduled object=pod/notification-svc-4 count=4 msg="Successfully assigned security/notification-svc-4 to ip-10-0-5-110"
2026-08-31T04:00:08Z ns=security type=Normal reason=Pulled object=pod/cert-manager-77c-a2 count=5 msg="Successfully pulled image in 911ms"
2026-08-31T04:00:46Z ns=kube-system type=Warning reason=CrashLoopBackOff object=pod/ingest-worker-3 count=3 msg="ingest-worker-3 restarting; last exit code 1"
2026-08-31T04:00:51Z ns=df type=Warning reason=Unhealthy object=pod/datasets-mongo-2 count=1 msg="Liveness probe failed: HTTP 500 (recovered next check)"
